exports[`test App renders 1`] = `
<div>
  <nav>
    <ul>
      <li
        className="li active"
        onClick={[Function]}>
        <img
          alt="Home"
          className="nav-img"
          src="./icons/home.png" />
      </li>
      <li
        className="li default"
        onClick={[Function]}>
        <div
          className="nav-text">
          Recipes
        </div>
      </li>
      <li
        className="li default"
        onClick={[Function]}>
        <div
          className="nav-text">
          Links
        </div>
      </li>
      <li
        className="li default"
        onClick={[Function]}>
        <div
          className="nav-text">
          Contact
        </div>
      </li>
    </ul>
  </nav>
  <section>
    <h2>
      Home
    </h2>
    <div>
      Lorem ipsum dolor sit amet, consectetur adipiscing elit, sed do eiusmod tempor incididunt ut labore et dolore magna aliqua. Ut enim ad minim veniam, quis nostrud exercitation ullamco laboris nisi ut aliquip ex ea commodo consequat. Duis aute irure dolor in reprehenderit in voluptate velit esse cillum dolore eu fugiat nulla pariatur. Excepteur sint occaecat cupidatat non proident, sunt in culpa qui officia deserunt mollit anim id est laborum.
    </div>
  </section>
</div>
`;
